nohup: ignoring input
seed 1: resuming at generation 22
  gen 22    1880s  buffer 20000  policy 3.7767
  gen 23    1809s  buffer 20000  policy 3.7381
  gen 24    6560s  buffer 20000  policy 3.7337  GATE 55.8% promoted=True
  gen 25    2031s  buffer 20000  policy 3.8007
  gen 26    2030s  buffer 20000  policy 3.8566
  gen 27    1835s  buffer 20000  policy 3.8906
  gen 28    1815s  buffer 20000  policy 3.8609
  gen 29    6845s  buffer 20000  policy 3.8795  GATE 54.8% promoted=False
seed 1: floor, equal simulations
  equal simulations    128/200 = 64.0% [57.1%, 70.3%]  seats 91/37  UCT sims 400  CLEARS the floor
seed 1: reference, generation 0
  generation 0         25/200 = 12.5% [8.6%, 17.8%]  seats 25/0  UCT sims 400  FAILS the floor
seed 1: measuring the equal-time ratio
  net 1.529 s/move, UCT 1.325 s/move at 400 -> ratio 1.15, UCT gets 462 simulations
  equal time           121/200 = 60.5% [53.6%, 67.0%]  seats 86/35  UCT sims 462  CLEARS the floor

  equal simulations    128/200 = 64.0% [57.1%, 70.3%]  seats 91/37  UCT sims 400  CLEARS the floor
  generation 0         25/200 = 12.5% [8.6%, 17.8%]  seats 25/0  UCT sims 400  FAILS the floor
  equal time           121/200 = 60.5% [53.6%, 67.0%]  seats 86/35  UCT sims 462  CLEARS the floor

seeds complete: ['1'] of (1, 2, 3, 4, 5)
equal-simulations floor: 64.0%   spread needs 2+ seeds
H3's stability clause needs all five. Nothing is read across seeds until they are done.

written  results/exp015-h3-training-5x5.json
