nohup: ignoring input
  === EXP-002 — 5x3-h2, 15 cells, hands 8+7 ===
  17,506,580,337 configurations, 2 bits/entry, seed 3
  interpreter: pypy 3.11.15
  checkpoint: data/checkpoints/5x3-h2 (fresh start)
    layer 15           32,768 configs      0.1s  (0s total)
    layer 14        1,966,080 configs      1.1s  (1s total)
    layer 13       48,168,960 configs     65.0s  (66s total)
    layer 12      365,281,280 configs    426.5s  (493s total)
    layer 11    1,643,765,760 configs   8145.2s  (8,638s total)
    layer 10    3,616,284,672 configs   4607.4s  (13,245s total)
    layer  9    5,022,617,600 configs  59140.8s  (72,386s total)
    layer  8    4,036,032,000 configs   3824.8s  (76,211s total)
    layer  7    2,018,016,000 configs  43086.0s  (119,297s total)
    layer  6      627,827,200 configs    303.0s  (119,600s total)
    layer  5      113,008,896 configs   3650.4s  (123,250s total)
    layer  4       12,841,920 configs      3.1s  (123,253s total)
    layer  3          713,440 configs     28.5s  (123,282s total)
    layer  2           23,520 configs      0.1s  (123,282s total)
    layer  1              240 configs      0.1s  (123,282s total)
    layer  0                1 configs      0.0s  (123,282s total)
  sweep done in 34.25 h (142,004 cfg/s)
  V4 — re-deriving sampled positions by forward search ...

    VALUE ................. P1 wins with perfect play
    V0 terminal layer ..... 32,768 (ok)
    V1 per-layer counts ... ok
    V2 no-draw ............ asserted on every terminal
    V4 sampled re-derive .. 349 agree, 0 disagree, 212 over budget
    V5 checksum ........... 51192b4d403ac1cb...
    V6 mirror ............. 518 eligible pairs checked, 0 differ (4,768 sampled but ineligible — P3-y still in hand)

  5x3-h2: P1 wins — ALL CHECKS PASSED

  adr-009: a reduced-board result transfers to the shipped 5x5 as
  evidence, never as proof. Report it with its board and deck.
  artefact -> data/subgame-solutions/5x3-h2.json
