nohup: ignoring input
interpreter: PyPy 3.11.15
seeds: 10000 derived, all distinct
gate 7 self-check, before any number:
  probe: perfect self-play on 5x1         rate 1.0 (expected 1.0)  PASS
  probe: first player throws, on 5x1      rate 0.0 (expected 0.0)  PASS
  100/5000
  200/5000
  300/5000
  400/5000
  500/5000
  600/5000
  700/5000
  800/5000
  900/5000
  1000/5000
  1100/5000
  1200/5000
  1300/5000
  1400/5000
  1500/5000
  1600/5000
  1700/5000
  1800/5000
  1900/5000
  2000/5000
  2100/5000
  2200/5000
  2300/5000
  2400/5000
  2500/5000
  2600/5000
  2700/5000
  2800/5000
  2900/5000
  3000/5000
  3100/5000
  3200/5000
  3300/5000
  3400/5000
  3500/5000
  3600/5000
  3700/5000
  3800/5000
  3900/5000
  4000/5000
  4100/5000
  4200/5000
  4300/5000
  4400/5000
  4500/5000
  4600/5000
  4700/5000
  4800/5000
  4900/5000
  5000/5000

  first player 2712/5000 = 54.2% [52.9%, 55.6%]
  distinct games 5000/5000

written  results/exp017-first-player-5x5.json
The verdict is applied by scripts/exp017_analysis.py, not by this file.
