nohup: ignoring input
layer_uniform: 0/250 already solved
  layer_uniform k=6   1/84  WIN       5339 nodes      0.2s
  layer_uniform k=6   2/84  WIN      23028 nodes      0.8s
  layer_uniform k=6   3/84  WIN      11830 nodes      0.3s
  layer_uniform k=6   4/84  LOSS     19736 nodes      0.5s
  layer_uniform k=6   5/84  WIN      24090 nodes      0.9s
  layer_uniform k=6   6/84  LOSS     37718 nodes      1.1s
  layer_uniform k=6   7/84  WIN      24329 nodes      0.7s
  layer_uniform k=6   8/84  WIN      47912 nodes      1.8s
  layer_uniform k=6   9/84  LOSS     51122 nodes      1.7s
  layer_uniform k=6  10/84  WIN      17396 nodes      0.5s
  layer_uniform k=6  11/84  WIN       8396 nodes      0.2s
  layer_uniform k=6  12/84  LOSS     10241 nodes      0.3s
  layer_uniform k=6  13/84  WIN      31904 nodes      1.1s
  layer_uniform k=6  14/84  WIN      10034 nodes      0.3s
  layer_uniform k=6  15/84  LOSS     20068 nodes      0.6s
  layer_uniform k=6  16/84  WIN       8166 nodes      0.2s
  layer_uniform k=6  17/84  WIN      22366 nodes      0.8s
  layer_uniform k=6  18/84  WIN        659 nodes      0.0s
  layer_uniform k=6  19/84  WIN       5109 nodes      0.1s
  layer_uniform k=6  20/84  LOSS     11968 nodes      0.4s
  layer_uniform k=6  21/84  LOSS     15387 nodes      0.5s
  layer_uniform k=6  22/84  WIN      24622 nodes      0.8s
  layer_uniform k=6  23/84  WIN      44562 nodes      1.5s
  layer_uniform k=6  24/84  WIN       4468 nodes      0.1s
  layer_uniform k=6  25/84  LOSS     43053 nodes      1.5s
  layer_uniform k=6  26/84  LOSS     68492 nodes      1.9s
  layer_uniform k=6  27/84  WIN      35144 nodes      1.1s
  layer_uniform k=6  28/84  WIN      16037 nodes      0.5s
  layer_uniform k=6  29/84  WIN      37555 nodes      1.2s
  layer_uniform k=6  30/84  LOSS     44528 nodes      1.2s
  layer_uniform k=6  31/84  WIN      73696 nodes      2.3s
  layer_uniform k=6  32/84  WIN      14153 nodes      0.3s
  layer_uniform k=6  33/84  LOSS     16438 nodes      0.6s
  layer_uniform k=6  34/84  LOSS     21942 nodes      0.6s
  layer_uniform k=6  35/84  LOSS     60926 nodes      2.1s
  layer_uniform k=6  36/84  WIN      17588 nodes      0.5s
  layer_uniform k=6  37/84  WIN      32600 nodes      1.0s
  layer_uniform k=6  38/84  LOSS     53399 nodes      1.9s
  layer_uniform k=6  39/84  LOSS     37606 nodes      1.2s
  layer_uniform k=6  40/84  LOSS     22898 nodes      0.6s
  layer_uniform k=6  41/84  WIN      16104 nodes      0.7s
  layer_uniform k=6  42/84  WIN      13216 nodes      0.4s
  layer_uniform k=6  43/84  LOSS     12182 nodes      0.3s
  layer_uniform k=6  44/84  LOSS     40873 nodes      1.4s
  layer_uniform k=6  45/84  WIN       2130 nodes      0.1s
  layer_uniform k=6  46/84  WIN      15220 nodes      0.4s
  layer_uniform k=6  47/84  LOSS     31132 nodes      1.0s
  layer_uniform k=6  48/84  LOSS     41883 nodes      1.3s
  layer_uniform k=6  49/84  WIN      17168 nodes      0.5s
  layer_uniform k=6  50/84  WIN      11007 nodes      0.3s
  layer_uniform k=6  51/84  WIN       1719 nodes      0.1s
  layer_uniform k=6  52/84  LOSS     49710 nodes      1.4s
  layer_uniform k=6  53/84  LOSS     45486 nodes      1.4s
  layer_uniform k=6  54/84  LOSS      4539 nodes      0.2s
  layer_uniform k=6  55/84  LOSS     56814 nodes      1.9s
  layer_uniform k=6  56/84  WIN      16964 nodes      0.5s
  layer_uniform k=6  57/84  WIN      54528 nodes      1.3s
  layer_uniform k=6  58/84  WIN       9902 nodes      0.3s
  layer_uniform k=6  59/84  WIN       8325 nodes      0.2s
  layer_uniform k=6  60/84  LOSS      9046 nodes      0.3s
  layer_uniform k=6  61/84  LOSS     45295 nodes      1.5s
  layer_uniform k=6  62/84  WIN      13542 nodes      0.4s
  layer_uniform k=6  63/84  LOSS     42418 nodes      1.6s
  layer_uniform k=6  64/84  LOSS      5961 nodes      0.3s
  layer_uniform k=6  65/84  WIN       7983 nodes      0.2s
  layer_uniform k=6  66/84  WIN       3393 nodes      0.1s
  layer_uniform k=6  67/84  LOSS     47236 nodes      1.5s
  layer_uniform k=6  68/84  LOSS     32888 nodes      1.0s
  layer_uniform k=6  69/84  LOSS     28955 nodes      0.8s
  layer_uniform k=6  70/84  LOSS     24545 nodes      0.7s
  layer_uniform k=6  71/84  WIN       5872 nodes      0.1s
  layer_uniform k=6  72/84  LOSS     15129 nodes      0.5s
  layer_uniform k=6  73/84  WIN      43796 nodes      1.2s
  layer_uniform k=6  74/84  LOSS     76846 nodes      2.4s
  layer_uniform k=6  75/84  WIN      10520 nodes      0.3s
  layer_uniform k=6  76/84  LOSS      9973 nodes      0.3s
  layer_uniform k=6  77/84  WIN       3033 nodes      0.1s
  layer_uniform k=6  78/84  WIN      45690 nodes      1.3s
  layer_uniform k=6  79/84  LOSS     21283 nodes      0.7s
  layer_uniform k=6  80/84  WIN      13855 nodes      0.4s
  layer_uniform k=6  81/84  WIN      18317 nodes      0.5s
  layer_uniform k=6  82/84  WIN      48648 nodes      1.3s
  layer_uniform k=6  83/84  LOSS    107891 nodes      3.0s
  layer_uniform k=6  84/84  LOSS     39849 nodes      1.2s
  layer_uniform k=7   1/83  WIN      25267 nodes      0.8s
  layer_uniform k=7   2/83  WIN      22335 nodes      0.8s
  layer_uniform k=7   3/83  WIN     115954 nodes      3.7s
  layer_uniform k=7   4/83  WIN      58286 nodes      1.7s
  layer_uniform k=7   5/83  WIN     114059 nodes      3.5s
  layer_uniform k=7   6/83  WIN     263028 nodes      7.4s
  layer_uniform k=7   7/83  LOSS    165227 nodes      5.0s
  layer_uniform k=7   8/83  WIN      45452 nodes      1.5s
  layer_uniform k=7   9/83  WIN       9667 nodes      0.3s
  layer_uniform k=7  10/83  WIN     140844 nodes      4.6s
  layer_uniform k=7  11/83  WIN      21570 nodes      0.9s
nohup: ignoring input
registered: 0/500 already solved
  registered    k=6   1/166  WIN       1025 nodes      0.0s  sweep  54 children    1.3s
  registered    k=6   2/166  LOSS     14540 nodes      0.5s  sweep  68 children    0.0s
  registered    k=6   3/166  WIN       8878 nodes      0.3s  sweep  54 children    0.3s
  registered    k=6   4/166  LOSS     19607 nodes      0.7s  sweep  62 children    0.0s
  registered    k=6   5/166  WIN       9846 nodes      0.3s  sweep  54 children    1.3s
  registered    k=6   6/166  WIN       2499 nodes      0.1s  sweep  56 children    2.2s
  registered    k=6   7/166  WIN       7674 nodes      0.2s  sweep  54 children    0.8s
  registered    k=6   8/166  WIN      13621 nodes      0.4s  sweep  61 children    3.0s
  registered    k=6   9/166  WIN       4963 nodes      0.2s  sweep  36 children    0.2s
  registered    k=6  10/166  WIN        905 nodes      0.0s  sweep  58 children    1.2s
  registered    k=6  11/166  WIN       6329 nodes      0.2s  sweep  49 children    0.2s
  registered    k=6  12/166  WIN      12717 nodes      0.4s  sweep  63 children    2.2s
  registered    k=6  13/166  WIN       9363 nodes      0.4s  sweep  36 children    0.8s
  registered    k=6  14/166  WIN       1249 nodes      0.1s  sweep  48 children    0.8s
  registered    k=6  15/166  LOSS      8905 nodes      0.3s  sweep  50 children    0.0s
  registered    k=6  16/166  WIN       5269 nodes      0.2s  sweep  65 children    1.7s
  registered    k=6  17/166  LOSS     12495 nodes      0.6s  sweep  47 children    0.0s
  registered    k=6  18/166  LOSS     14910 nodes      0.5s  sweep  48 children    0.0s
  registered    k=6  19/166  LOSS      6699 nodes      0.3s  sweep  36 children    0.0s
  registered    k=6  20/166  LOSS      4144 nodes      0.2s  sweep  42 children    0.0s
  registered    k=6  21/166  WIN       5009 nodes      0.2s  sweep  69 children    3.9s
  registered    k=6  22/166  WIN       2467 nodes      0.1s  sweep  65 children    1.8s
  registered    k=6  23/166  WIN       9269 nodes      0.4s  sweep  56 children    0.5s
  registered    k=6  24/166  WIN      30208 nodes      1.0s  sweep  74 children    0.5s
  registered    k=6  25/166  LOSS     17081 nodes      0.9s  sweep  51 children    0.0s
  registered    k=6  26/166  WIN      12590 nodes      0.6s  sweep  61 children    0.0s
  registered    k=6  27/166  WIN       2213 nodes      0.1s  sweep  67 children    2.6s
  registered    k=6  28/166  WIN      17095 nodes      1.0s  sweep  76 children    3.2s
  registered    k=6  29/166  WIN       2061 nodes      0.1s  sweep  70 children    4.6s
  registered    k=6  30/166  LOSS      3349 nodes      0.2s  sweep  36 children    0.0s
  registered    k=6  31/166  WIN       1132 nodes      0.0s  sweep  36 children    0.4s
  registered    k=6  32/166  LOSS      7069 nodes      0.3s  sweep  46 children    0.0s
  registered    k=6  33/166  WIN      17641 nodes      0.7s  sweep  58 children    1.7s
  registered    k=6  34/166  WIN       7920 nodes      0.4s  sweep  65 children    2.2s
  registered    k=6  35/166  WIN       5555 nodes      0.3s
  registered    k=6  36/166  WIN      14697 nodes      0.6s
  registered    k=6  37/166  LOSS     16344 nodes      0.8s
  registered    k=6  38/166  WIN      64888 nodes      2.7s
  registered    k=6  39/166  WIN       4957 nodes      0.2s
  registered    k=6  40/166  LOSS     60039 nodes      2.8s
  registered    k=6  41/166  WIN       6127 nodes      0.3s
  registered    k=6  42/166  WIN      28819 nodes      1.2s
  registered    k=6  43/166  WIN      11600 nodes      0.6s
  registered    k=6  44/166  LOSS      7743 nodes      0.4s
  registered    k=6  45/166  WIN       6137 nodes      0.2s
  registered    k=6  46/166  WIN       4427 nodes      0.2s
  registered    k=6  47/166  WIN       7117 nodes      0.3s
  registered    k=6  48/166  LOSS     15300 nodes      0.8s
  registered    k=6  49/166  LOSS      4308 nodes      0.2s
  registered    k=6  50/166  LOSS     11197 nodes      0.7s
  registered    k=6  51/166  WIN       3972 nodes      0.3s
  registered    k=6  52/166  WIN       7475 nodes      0.4s
  registered    k=6  53/166  LOSS      8801 nodes      0.4s
  registered    k=6  54/166  WIN       2957 nodes      0.1s
  registered    k=6  55/166  WIN      12073 nodes      0.6s
  registered    k=6  56/166  LOSS      5387 nodes      0.2s
  registered    k=6  57/166  WIN       3942 nodes      0.2s
  registered    k=6  58/166  LOSS      9197 nodes      0.4s
  registered    k=6  59/166  LOSS     12853 nodes      0.6s
  registered    k=6  60/166  WIN       1365 nodes      0.1s
  registered    k=6  61/166  LOSS      8403 nodes      0.4s
  registered    k=6  62/166  WIN       1992 nodes      0.1s
  registered    k=6  63/166  WIN      36114 nodes      1.6s
  registered    k=6  64/166  WIN      18545 nodes      0.6s
  registered    k=6  65/166  LOSS     11171 nodes      0.4s
  registered    k=6  66/166  LOSS     13655 nodes      0.5s
  registered    k=6  67/166  WIN      10790 nodes      0.4s
  registered    k=6  68/166  LOSS      3530 nodes      0.2s
  registered    k=6  69/166  WIN       7355 nodes      0.2s
  registered    k=6  70/166  LOSS     20605 nodes      0.8s
  registered    k=6  71/166  LOSS     32356 nodes      1.2s
  registered    k=6  72/166  WIN       1369 nodes      0.0s
  registered    k=6  73/166  WIN       1037 nodes      0.0s
  registered    k=6  74/166  WIN       4676 nodes      0.1s
  registered    k=6  75/166  WIN       3737 nodes      0.1s
  registered    k=6  76/166  WIN       3729 nodes      0.1s
  registered    k=6  77/166  WIN      29345 nodes      1.0s
  registered    k=6  78/166  LOSS     13156 nodes      0.7s
  registered    k=6  79/166  LOSS     27774 nodes      1.3s
  registered    k=6  80/166  LOSS      6201 nodes      0.3s
  registered    k=6  81/166  WIN       3798 nodes      0.2s
  registered    k=6  82/166  LOSS     14405 nodes      0.6s
  registered    k=6  83/166  WIN       3379 nodes      0.1s
  registered    k=6  84/166  LOSS      8069 nodes      0.4s
  registered    k=6  85/166  LOSS      6722 nodes      0.5s
  registered    k=6  86/166  WIN       2294 nodes      0.1s
  registered    k=6  87/166  LOSS     25516 nodes      1.1s
  registered    k=6  88/166  WIN       1312 nodes      0.0s
  registered    k=6  89/166  WIN       5660 nodes      0.2s
  registered    k=6  90/166  WIN       4097 nodes      0.1s
  registered    k=6  91/166  WIN       3150 nodes      0.1s
  registered    k=6  92/166  LOSS      3837 nodes      0.2s
  registered    k=6  93/166  WIN      28604 nodes      1.3s
  registered    k=6  94/166  LOSS      4727 nodes      0.2s
  registered    k=6  95/166  LOSS     24574 nodes      1.1s
  registered    k=6  96/166  WIN       4435 nodes      0.2s
  registered    k=6  97/166  LOSS     12611 nodes      0.5s
  registered    k=6  98/166  WIN       8626 nodes      0.3s
  registered    k=6  99/166  WIN       2916 nodes      0.1s
  registered    k=6 100/166  LOSS     22165 nodes      0.7s
  registered    k=6 101/166  LOSS      7165 nodes      0.2s
  registered    k=6 102/166  LOSS     13975 nodes      0.4s
  registered    k=6 103/166  WIN       1965 nodes      0.1s
  registered    k=6 104/166  WIN       3452 nodes      0.1s
  registered    k=6 105/166  WIN      17784 nodes      0.6s
  registered    k=6 106/166  WIN       8184 nodes      0.4s
  registered    k=6 107/166  WIN      16068 nodes      0.5s
  registered    k=6 108/166  LOSS     25991 nodes      0.9s
  registered    k=6 109/166  WIN       6109 nodes      0.2s
  registered    k=6 110/166  WIN      10479 nodes      0.3s
  registered    k=6 111/166  WIN       3217 nodes      0.1s
  registered    k=6 112/166  LOSS      4397 nodes      0.1s
  registered    k=6 113/166  LOSS      3814 nodes      0.1s
  registered    k=6 114/166  LOSS      6368 nodes      0.2s
  registered    k=6 115/166  LOSS      9540 nodes      0.3s
  registered    k=6 116/166  WIN       1185 nodes      0.0s
  registered    k=6 117/166  WIN       5825 nodes      0.2s
  registered    k=6 118/166  WIN      36201 nodes      1.1s
  registered    k=6 119/166  LOSS     22033 nodes      0.8s
  registered    k=6 120/166  WIN       5957 nodes      0.4s
  registered    k=6 121/166  WIN      13610 nodes      0.6s
  registered    k=6 122/166  WIN      20081 nodes      0.7s
  registered    k=6 123/166  WIN       4608 nodes      0.1s
  registered    k=6 124/166  WIN       2409 nodes      0.1s
  registered    k=6 125/166  LOSS     31694 nodes      1.0s
  registered    k=6 126/166  LOSS     15281 nodes      0.5s
  registered    k=6 127/166  WIN       1254 nodes      0.0s
  registered    k=6 128/166  WIN      10655 nodes      0.4s
  registered    k=6 129/166  WIN       2223 nodes      0.1s
  registered    k=6 130/166  LOSS     22022 nodes      0.8s
  registered    k=6 131/166  LOSS      9228 nodes      0.3s
  registered    k=6 132/166  WIN      20185 nodes      0.6s
  registered    k=6 133/166  LOSS     10195 nodes      0.3s
  registered    k=6 134/166  WIN      36869 nodes      1.2s
  registered    k=6 135/166  WIN       5605 nodes      0.2s
  registered    k=6 136/166  WIN       2938 nodes      0.1s
  registered    k=6 137/166  WIN        711 nodes      0.0s
  registered    k=6 138/166  WIN      30919 nodes      0.9s
  registered    k=6 139/166  WIN       1954 nodes      0.1s
  registered    k=6 140/166  WIN       1404 nodes      0.1s
  registered    k=6 141/166  LOSS      5572 nodes      0.2s
  registered    k=6 142/166  WIN       8760 nodes      0.3s
  registered    k=6 143/166  WIN       1642 nodes      0.1s
  registered    k=6 144/166  WIN       2765 nodes      0.1s
  registered    k=6 145/166  LOSS     18782 nodes      0.8s
  registered    k=6 146/166  LOSS      9239 nodes      0.3s
  registered    k=6 147/166  LOSS     11026 nodes      0.4s
  registered    k=6 148/166  WIN       7434 nodes      0.2s
  registered    k=6 149/166  LOSS      3305 nodes      0.1s
  registered    k=6 150/166  LOSS      5856 nodes      0.2s
  registered    k=6 151/166  LOSS      8772 nodes      0.3s
  registered    k=6 152/166  WIN       3831 nodes      0.1s
  registered    k=6 153/166  WIN        813 nodes      0.0s
  registered    k=6 154/166  WIN      10591 nodes      0.4s
  registered    k=6 155/166  WIN       3714 nodes      0.1s
  registered    k=6 156/166  LOSS     16783 nodes      0.5s
  registered    k=6 157/166  LOSS     11549 nodes      0.3s
  registered    k=6 158/166  LOSS      2509 nodes      0.1s
  registered    k=6 159/166  LOSS     23651 nodes      0.7s
  registered    k=6 160/166  WIN      11391 nodes      0.4s
  registered    k=6 161/166  LOSS     26640 nodes      1.1s
  registered    k=6 162/166  WIN       3514 nodes      0.1s
  registered    k=6 163/166  WIN      15900 nodes      0.5s
  registered    k=6 164/166  WIN       2775 nodes      0.1s
  registered    k=6 165/166  LOSS     24848 nodes      0.8s
  registered    k=6 166/166  LOSS     31242 nodes      1.1s
  registered    k=7   1/167  WIN      23896 nodes      0.7s  sweep  64 children   13.3s
  registered    k=7   2/167  WIN       4688 nodes      0.1s  sweep  49 children    6.1s
  registered    k=7   3/167  WIN      78422 nodes      2.2s  sweep  59 children   30.3s
  registered    k=7   4/167  WIN      36692 nodes      0.9s  sweep  48 children    2.1s
  registered    k=7   5/167  WIN       9405 nodes      0.3s  sweep  84 children   18.6s
  registered    k=7   6/167  WIN       3036 nodes      0.1s  sweep  80 children   10.5s
  registered    k=7   7/167  WIN      63170 nodes      2.0s  sweep  61 children    7.5s
  registered    k=7   8/167  WIN       8614 nodes      0.3s  sweep  71 children   14.2s
  registered    k=7   9/167  WIN       7594 nodes      0.2s  sweep 107 children   22.2s
  registered    k=7  10/167  WIN       5009 nodes      0.2s  sweep  91 children   18.0s
  registered    k=7  11/167  WIN      10712 nodes      0.4s  sweep  80 children   22.0s
  registered    k=7  12/167  WIN      26765 nodes      0.9s  sweep  64 children   11.5s
  registered    k=7  13/167  WIN      40818 nodes      1.1s  sweep  68 children   19.0s
  registered    k=7  14/167  WIN       5980 nodes      0.2s  sweep 111 children   24.2s
  registered    k=7  15/167  WIN     128676 nodes      4.2s  sweep  85 children   34.0s
  registered    k=7  16/167  WIN      36605 nodes      1.3s  sweep  98 children   54.0s
  registered    k=7  17/167  WIN       7134 nodes      0.2s  sweep  66 children   16.0s
  registered    k=7  18/167  WIN       6673 nodes      0.2s  sweep  63 children    5.7s
  registered    k=7  19/167  WIN      16038 nodes      0.5s  sweep  99 children   42.3s
  registered    k=7  20/167  WIN      34512 nodes      1.0s  sweep  63 children    3.0s
  registered    k=7  21/167  WIN       7086 nodes      0.2s  sweep  91 children   12.6s
  registered    k=7  22/167  WIN      15256 nodes      0.7s  sweep  71 children   32.2s
  registered    k=7  23/167  WIN      16865 nodes      0.6s  sweep  86 children   29.1s
  registered    k=7  24/167  WIN      14576 nodes      0.5s  sweep  49 children    6.1s
  registered    k=7  25/167  WIN       6504 nodes      0.2s  sweep  95 children   14.6s
  registered    k=7  26/167  LOSS    374010 nodes      9.7s  sweep  49 children    0.0s
  registered    k=7  27/167  WIN      60082 nodes      1.6s  sweep  64 children   24.6s
  registered    k=7  28/167  WIN      60390 nodes      2.0s  sweep  73 children   29.9s
  registered    k=7  29/167  WIN      14716 nodes      0.4s  sweep  64 children   22.8s
  registered    k=7  30/167  WIN      16998 nodes      0.5s  sweep 111 children   24.6s
  registered    k=7  31/167  WIN      15524 nodes      0.4s  sweep  61 children   11.8s
  registered    k=7  32/167  WIN     110928 nodes      3.6s  sweep  99 children   16.1s
  registered    k=7  33/167  WIN       4549 nodes      0.2s  sweep  70 children    6.8s
  registered    k=7  34/167  WIN       6372 nodes      0.2s
  registered    k=7  35/167  WIN       9704 nodes      0.3s
  registered    k=7  36/167  WIN      12517 nodes      0.4s
  registered    k=7  37/167  WIN      19990 nodes      0.7s
  registered    k=7  38/167  WIN      40298 nodes      1.3s
  registered    k=7  39/167  WIN      20277 nodes      0.6s
  registered    k=7  40/167  WIN      11433 nodes      0.3s
  registered    k=7  41/167  WIN       8302 nodes      0.4s
  registered    k=7  42/167  WIN      14178 nodes      0.6s
  registered    k=7  43/167  WIN      12615 nodes      0.4s
  registered    k=7  44/167  WIN      10519 nodes      0.4s
  registered    k=7  45/167  WIN      70829 nodes      2.8s
  registered    k=7  46/167  WIN      36756 nodes      1.1s
  registered    k=7  47/167  WIN      16901 nodes      0.6s
  registered    k=7  48/167  WIN       6814 nodes      0.3s
  registered    k=7  49/167  WIN       3258 nodes      0.1s
  registered    k=7  50/167  WIN       5732 nodes      0.2s
  registered    k=7  51/167  WIN     139936 nodes      4.6s
  registered    k=7  52/167  WIN      33880 nodes      1.2s
  registered    k=7  53/167  LOSS    168621 nodes      4.9s
  registered    k=7  54/167  WIN      15463 nodes      0.5s
  registered    k=7  55/167  WIN      28533 nodes      0.8s
  registered    k=7  56/167  WIN      13168 nodes      0.4s
  registered    k=7  57/167  WIN       8376 nodes      0.3s
  registered    k=7  58/167  LOSS    161558 nodes      5.0s
  registered    k=7  59/167  WIN     204351 nodes      7.0s
  registered    k=7  60/167  WIN      69443 nodes      2.7s
  registered    k=7  61/167  WIN      18703 nodes      0.5s
  registered    k=7  62/167  WIN      18576 nodes      0.6s
  registered    k=7  63/167  WIN       7494 nodes      0.2s
  registered    k=7  64/167  LOSS    132477 nodes      4.0s
  registered    k=7  65/167  WIN      14371 nodes      0.4s
  registered    k=7  66/167  WIN      19527 nodes      0.6s
  registered    k=7  67/167  LOSS     48437 nodes      1.5s
  registered    k=7  68/167  WIN      17178 nodes      0.6s
  registered    k=7  69/167  WIN       5187 nodes      0.2s
  registered    k=7  70/167  WIN       4543 nodes      0.1s
  registered    k=7  71/167  WIN       5538 nodes      0.2s
  registered    k=7  72/167  WIN      34613 nodes      1.0s
  registered    k=7  73/167  WIN      30944 nodes      1.1s
  registered    k=7  74/167  LOSS    240665 nodes      7.3s
  registered    k=7  75/167  WIN      31059 nodes      1.1s
  registered    k=7  76/167  WIN      26587 nodes      0.9s
  registered    k=7  77/167  WIN      44215 nodes      1.4s
  registered    k=7  78/167  WIN       3324 nodes      0.1s
  registered    k=7  79/167  WIN      15324 nodes      0.5s
  registered    k=7  80/167  WIN       7871 nodes      0.3s
  registered    k=7  81/167  WIN      21103 nodes      0.7s
  registered    k=7  82/167  WIN       6045 nodes      0.2s
  registered    k=7  83/167  WIN       5933 nodes      0.2s
  registered    k=7  84/167  WIN     146323 nodes      4.7s
  registered    k=7  85/167  WIN      27845 nodes      0.8s
  registered    k=7  86/167  WIN     167242 nodes      4.9s
  registered    k=7  87/167  WIN     182734 nodes      6.1s
  registered    k=7  88/167  WIN      13813 nodes      0.4s
  registered    k=7  89/167  WIN      12403 nodes      0.4s
  registered    k=7  90/167  WIN      53048 nodes      1.7s
  registered    k=7  91/167  WIN      21153 nodes      0.6s
  registered    k=7  92/167  WIN    1013251 nodes     27.8s
  registered    k=7  93/167  WIN      15896 nodes      0.5s
  registered    k=7  94/167  WIN      16544 nodes      0.5s
  registered    k=7  95/167  WIN      13594 nodes      0.4s
  registered    k=7  96/167  WIN       7022 nodes      0.2s
  registered    k=7  97/167  WIN      19054 nodes      0.7s
  registered    k=7  98/167  WIN      15692 nodes      0.5s
  registered    k=7  99/167  WIN       5798 nodes      0.2s
  registered    k=7 100/167  WIN      19645 nodes      0.7s
  registered    k=7 101/167  WIN      52504 nodes      1.6s
  registered    k=7 102/167  WIN      50977 nodes      1.5s
  registered    k=7 103/167  WIN      57931 nodes      1.8s
  registered    k=7 104/167  WIN       3522 nodes      0.1s
  registered    k=7 105/167  WIN      15395 nodes      0.5s
  registered    k=7 106/167  WIN       3642 nodes      0.1s
  registered    k=7 107/167  WIN      15936 nodes      0.5s
  registered    k=7 108/167  WIN       6164 nodes      0.2s
  registered    k=7 109/167  WIN       9633 nodes      0.3s
  registered    k=7 110/167  WIN       8509 nodes      0.3s
  registered    k=7 111/167  WIN      33575 nodes      1.0s
  registered    k=7 112/167  WIN      34604 nodes      1.0s
  registered    k=7 113/167  WIN      48496 nodes      1.5s
  registered    k=7 114/167  WIN      24914 nodes      0.7s
  registered    k=7 115/167  WIN       4038 nodes      0.1s
  registered    k=7 116/167  WIN      21114 nodes      0.8s
  registered    k=7 117/167  WIN      15920 nodes      0.5s
  registered    k=7 118/167  WIN      11583 nodes      0.3s
  registered    k=7 119/167  WIN       8263 nodes      0.3s
  registered    k=7 120/167  WIN      17234 nodes      0.6s
  registered    k=7 121/167  WIN       6042 nodes      0.2s
  registered    k=7 122/167  WIN      11739 nodes      0.4s
  registered    k=7 123/167  WIN      16771 nodes      0.6s
  registered    k=7 124/167  WIN     331010 nodes     10.6s
  registered    k=7 125/167  WIN       9558 nodes      0.3s
  registered    k=7 126/167  WIN      36158 nodes      1.2s
  registered    k=7 127/167  WIN       7377 nodes      0.2s
  registered    k=7 128/167  WIN      12756 nodes      0.4s
  registered    k=7 129/167  WIN       8289 nodes      0.3s
  registered    k=7 130/167  WIN     361289 nodes     11.0s
  registered    k=7 131/167  WIN      12712 nodes      0.5s
  registered    k=7 132/167  WIN       6517 nodes      0.2s
  registered    k=7 133/167  WIN      36964 nodes      1.2s
  registered    k=7 134/167  WIN      16511 nodes      0.6s
  registered    k=7 135/167  WIN      19934 nodes      0.7s
  registered    k=7 136/167  WIN      30822 nodes      0.9s
  registered    k=7 137/167  WIN       5564 nodes      0.2s
  registered    k=7 138/167  WIN       5074 nodes      0.2s
  registered    k=7 139/167  WIN      35220 nodes      1.1s
  registered    k=7 140/167  WIN      43344 nodes      1.4s
  registered    k=7 141/167  WIN      41558 nodes      1.3s
  registered    k=7 142/167  WIN     139163 nodes      3.8s
  registered    k=7 143/167  WIN      12842 nodes      0.4s
  registered    k=7 144/167  WIN      35768 nodes      1.1s
  registered    k=7 145/167  WIN      67543 nodes      2.1s
  registered    k=7 146/167  WIN       6450 nodes      0.2s
  registered    k=7 147/167  WIN      16258 nodes      0.5s
  registered    k=7 148/167  WIN      35966 nodes      1.1s
  registered    k=7 149/167  WIN      77063 nodes      2.1s
  registered    k=7 150/167  WIN     143292 nodes      5.3s
  registered    k=7 151/167  WIN      20589 nodes      0.7s
  registered    k=7 152/167  WIN      10817 nodes      0.4s
  registered    k=7 153/167  WIN      20507 nodes      0.7s
  registered    k=7 154/167  WIN      96026 nodes      3.7s
  registered    k=7 155/167  WIN       6011 nodes      0.3s
  registered    k=7 156/167  WIN      41356 nodes      1.9s
  registered    k=7 157/167  WIN      30509 nodes      1.4s
  registered    k=7 158/167  WIN      44675 nodes      1.7s
  registered    k=7 159/167  WIN      56044 nodes      1.7s
  registered    k=7 160/167  WIN      21002 nodes      0.7s
  registered    k=7 161/167  WIN       7379 nodes      0.3s
  registered    k=7 162/167  WIN      10935 nodes      0.4s
  registered    k=7 163/167  WIN      37799 nodes      1.2s
  registered    k=7 164/167  WIN      12947 nodes      0.4s
  registered    k=7 165/167  WIN      15564 nodes      0.6s
  registered    k=7 166/167  WIN      49558 nodes      1.9s
  registered    k=7 167/167  WIN      16989 nodes      0.6s
  registered    k=8   1/167  LOSS    330392 nodes     10.7s  sweep  72 children    0.0s
  registered    k=8   2/167  LOSS    529940 nodes     16.1s  sweep  96 children    0.0s
  registered    k=8   3/167  LOSS   2308615 nodes     77.6s  sweep  93 children    0.0s
  registered    k=8   4/167  WIN     111553 nodes      3.2s  sweep 113 children  146.8s
  registered    k=8   5/167  WIN    2237775 nodes     70.3s  sweep  98 children  112.3s
  registered    k=8   6/167  WIN    1279135 nodes     39.2s  sweep  90 children    0.0s
  registered    k=8   7/167  LOSS   1211272 nodes     39.1s  sweep 107 children    0.0s
  registered    k=8   8/167  WIN    1163318 nodes     35.8s  sweep 102 children  223.2s
  registered    k=8   9/167  WIN    3216070 nodes    103.4s  sweep 109 children  117.0s
  registered    k=8  10/167  WIN     868567 nodes     26.5s  sweep 127 children  291.3s
  registered    k=8  11/167  LOSS    755119 nodes     25.8s  sweep  90 children    0.0s
  registered    k=8  12/167  LOSS    600983 nodes     19.3s  sweep  92 children    0.0s
  registered    k=8  13/167  LOSS   3286226 nodes    115.7s  sweep 116 children    0.0s
  registered    k=8  14/167  WIN      41431 nodes      1.3s  sweep 103 children   67.6s
  registered    k=8  15/167  WIN     132793 nodes      4.4s  sweep 109 children  179.0s
  registered    k=8  16/167  LOSS   1616309 nodes     48.8s  sweep  97 children    0.0s
  registered    k=8  17/167  WIN     378336 nodes     12.1s  sweep 103 children  284.8s
  registered    k=8  18/167  WIN     208244 nodes      5.7s  sweep  81 children   78.4s
  registered    k=8  19/167  LOSS   1601589 nodes     58.2s  sweep  97 children    0.0s
  registered    k=8  20/167  WIN     722050 nodes     22.6s  sweep 129 children  246.2s
  registered    k=8  21/167  LOSS    598174 nodes     23.3s  sweep  86 children    0.0s
  registered    k=8  22/167  WIN     130415 nodes      4.9s  sweep  96 children   72.4s
  registered    k=8  23/167  LOSS   1682844 nodes     61.8s  sweep  88 children    0.0s
  registered    k=8  24/167  WIN     201658 nodes      7.1s  sweep  90 children   87.9s
  registered    k=8  25/167  WIN    2404608 nodes     73.6s  sweep  97 children   37.6s
  registered    k=8  26/167  WIN     750684 nodes     22.3s  sweep  92 children   53.7s
  registered    k=8  27/167  LOSS   7438703 nodes    240.3s  sweep 131 children    0.0s
  registered    k=8  28/167  WIN     910930 nodes     30.0s  sweep  70 children    9.5s
  registered    k=8  29/167  LOSS   1683673 nodes     55.0s  sweep 105 children    0.0s
  registered    k=8  30/167  WIN     129124 nodes      4.2s  sweep 142 children  495.4s
  registered    k=8  31/167  LOSS   2400283 nodes     63.4s  sweep 114 children    0.0s
  registered    k=8  32/167  LOSS    963412 nodes     28.1s  sweep  92 children    0.0s
  registered    k=8  33/167  WIN    1388026 nodes     43.4s  sweep 112 children   77.7s
  registered    k=8  34/167  WIN     386429 nodes      9.3s
  registered    k=8  35/167  LOSS    709339 nodes     20.5s
  registered    k=8  36/167  LOSS   2079280 nodes     60.5s
  registered    k=8  37/167  LOSS   1005979 nodes     28.5s
  registered    k=8  38/167  LOSS    394601 nodes     11.8s
  registered    k=8  39/167  LOSS    362322 nodes      9.0s
  registered    k=8  40/167  LOSS    685713 nodes     18.9s
  registered    k=8  41/167  LOSS    556906 nodes     18.0s
  registered    k=8  42/167  LOSS   1712048 nodes     51.0s
  registered    k=8  43/167  WIN     890049 nodes     26.3s
  registered    k=8  44/167  WIN     676041 nodes     19.1s
  registered    k=8  45/167  WIN    2387688 nodes     72.6s
  registered    k=8  46/167  WIN     217355 nodes      6.7s
  registered    k=8  47/167  WIN    2311867 nodes     69.8s
  registered    k=8  48/167  WIN    1719685 nodes     47.8s
  registered    k=8  49/167  LOSS   1443226 nodes     46.2s
  registered    k=8  50/167  WIN     358429 nodes     10.5s
  registered    k=8  51/167  LOSS    317839 nodes      9.9s
  registered    k=8  52/167  WIN     440608 nodes     12.3s
  registered    k=8  53/167  LOSS   2347339 nodes     68.9s
  registered    k=8  54/167  LOSS   1081122 nodes     33.1s
  registered    k=8  55/167  WIN      73222 nodes      2.1s
  registered    k=8  56/167  WIN     754523 nodes     20.9s
  registered    k=8  57/167  LOSS   1082657 nodes     28.6s
  registered    k=8  58/167  WIN     502806 nodes     16.0s
  registered    k=8  59/167  LOSS    542459 nodes     15.8s
  registered    k=8  60/167  LOSS   1176192 nodes     35.7s
  registered    k=8  61/167  WIN     575576 nodes     16.1s
  registered    k=8  62/167  LOSS   1215346 nodes     35.0s
  registered    k=8  63/167  WIN      74098 nodes      2.0s
  registered    k=8  64/167  WIN     232180 nodes      7.2s
  registered    k=8  65/167  WIN     185096 nodes      5.4s
  registered    k=8  66/167  WIN    1328688 nodes     38.9s
  registered    k=8  67/167  LOSS   1897739 nodes     55.9s
  registered    k=8  68/167  WIN     269767 nodes      7.1s
  registered    k=8  69/167  WIN     736988 nodes     22.2s
  registered    k=8  70/167  LOSS   3099211 nodes     92.0s
  registered    k=8  71/167  LOSS    490406 nodes     15.7s
  registered    k=8  72/167  LOSS    466164 nodes     13.5s
  registered    k=8  73/167  LOSS    915101 nodes     27.1s
  registered    k=8  74/167  WIN     336127 nodes      9.6s
  registered    k=8  75/167  WIN     363749 nodes     10.5s
  registered    k=8  76/167  LOSS    325770 nodes      9.4s
  registered    k=8  77/167  WIN    5715579 nodes    159.1s
  registered    k=8  78/167  LOSS   1541033 nodes     48.3s
  registered    k=8  79/167  WIN      70954 nodes      2.1s
  registered    k=8  80/167  WIN     160085 nodes      4.4s
  registered    k=8  81/167  WIN     615498 nodes     18.6s
  registered    k=8  82/167  LOSS    665220 nodes     19.0s
  registered    k=8  83/167  LOSS   1885995 nodes     54.6s
  registered    k=8  84/167  LOSS    177967 nodes      5.5s
  registered    k=8  85/167  WIN      73968 nodes      2.1s
  registered    k=8  86/167  WIN     509752 nodes     15.2s
  registered    k=8  87/167  WIN     729860 nodes     20.6s
  registered    k=8  88/167  WIN      73035 nodes      2.4s
  registered    k=8  89/167  WIN    1870071 nodes     53.3s
  registered    k=8  90/167  LOSS   1052443 nodes     32.1s
  registered    k=8  91/167  WIN     152741 nodes      4.5s
  registered    k=8  92/167  WIN     810661 nodes     25.0s
  registered    k=8  93/167  WIN    1065928 nodes     33.2s
  registered    k=8  94/167  LOSS   1813954 nodes     54.0s
  registered    k=8  95/167  LOSS   1061756 nodes     29.5s
  registered    k=8  96/167  LOSS   1135598 nodes     31.9s
  registered    k=8  97/167  WIN    3145628 nodes     92.3s
  registered    k=8  98/167  LOSS   2387816 nodes     74.0s
  registered    k=8  99/167  WIN     160306 nodes      5.0s
  registered    k=8 100/167  WIN      55133 nodes      1.7s
  registered    k=8 101/167  LOSS    974741 nodes     27.8s
  registered    k=8 102/167  WIN     114750 nodes      3.2s
  registered    k=8 103/167  LOSS   1834696 nodes     54.6s
  registered    k=8 104/167  LOSS    365614 nodes     10.9s
  registered    k=8 105/167  WIN     264528 nodes      8.2s
  registered    k=8 106/167  LOSS    845658 nodes     25.3s
  registered    k=8 107/167  WIN     557978 nodes     17.0s
  registered    k=8 108/167  WIN     673135 nodes     17.9s
  registered    k=8 109/167  LOSS   1086244 nodes     32.8s
  registered    k=8 110/167  LOSS   1070571 nodes     28.8s
  registered    k=8 111/167  WIN     599307 nodes     18.2s
  registered    k=8 112/167  WIN      36822 nodes      1.1s
  registered    k=8 113/167  WIN    1900037 nodes     59.1s
  registered    k=8 114/167  WIN    1233019 nodes     36.8s
  registered    k=8 115/167  WIN     230866 nodes      6.9s
  registered    k=8 116/167  WIN      42757 nodes      1.3s
  registered    k=8 117/167  LOSS    468545 nodes     14.7s
  registered    k=8 118/167  LOSS   2946585 nodes     91.9s
  registered    k=8 119/167  LOSS    332383 nodes     10.5s
  registered    k=8 120/167  WIN     520989 nodes     13.8s
  registered    k=8 121/167  WIN     970377 nodes     25.2s
  registered    k=8 122/167  LOSS    787977 nodes     25.4s
  registered    k=8 123/167  WIN     572828 nodes     14.5s
  registered    k=8 124/167  WIN     912325 nodes     27.6s
  registered    k=8 125/167  LOSS    612054 nodes     17.0s
  registered    k=8 126/167  LOSS    560997 nodes     16.6s
  registered    k=8 127/167  WIN    2869929 nodes     79.1s
  registered    k=8 128/167  LOSS    493773 nodes     15.2s
  registered    k=8 129/167  WIN    3125470 nodes     89.2s
  registered    k=8 130/167  LOSS   1374421 nodes     39.2s
  registered    k=8 131/167  LOSS   1419778 nodes     43.5s
  registered    k=8 132/167  LOSS   1657400 nodes     55.5s
  registered    k=8 133/167  LOSS   1131374 nodes     36.8s
  registered    k=8 134/167  LOSS   3024187 nodes     94.5s
  registered    k=8 135/167  WIN     401670 nodes     12.1s
  registered    k=8 136/167  WIN      54925 nodes      1.6s
  registered    k=8 137/167  LOSS    898998 nodes     27.4s
  registered    k=8 138/167  WIN     492976 nodes     16.8s
  registered    k=8 139/167  WIN     207292 nodes      6.4s
  registered    k=8 140/167  LOSS   5210216 nodes    141.6s
  registered    k=8 141/167  LOSS    261401 nodes      8.4s
  registered    k=8 142/167  WIN     823048 nodes     24.8s
  registered    k=8 143/167  LOSS    879844 nodes     27.5s
  registered    k=8 144/167  LOSS    904341 nodes     25.9s
  registered    k=8 145/167  WIN     335316 nodes      9.0s
  registered    k=8 146/167  LOSS   1567508 nodes     50.1s
  registered    k=8 147/167  WIN    2165232 nodes     67.7s
  registered    k=8 148/167  WIN     643598 nodes     19.5s
  registered    k=8 149/167  WIN     202866 nodes      6.5s
  registered    k=8 150/167  LOSS    850318 nodes     28.3s
  registered    k=8 151/167  WIN    1127214 nodes     34.6s
  registered    k=8 152/167  WIN     297737 nodes      9.2s
  registered    k=8 153/167  WIN      86075 nodes      2.6s
  registered    k=8 154/167  WIN     163351 nodes      4.7s
  registered    k=8 155/167  WIN     620740 nodes     18.7s
  registered    k=8 156/167  WIN     398800 nodes     12.6s
  registered    k=8 157/167  LOSS    456052 nodes     14.2s
  registered    k=8 158/167  LOSS    756696 nodes     21.3s
  registered    k=8 159/167  WIN    1818787 nodes     50.9s
  registered    k=8 160/167  LOSS    539340 nodes     14.3s
  registered    k=8 161/167  LOSS   1686517 nodes     50.5s
  registered    k=8 162/167  LOSS    347848 nodes     10.3s
  registered    k=8 163/167  WIN     356868 nodes     11.0s
  registered    k=8 164/167  WIN     546135 nodes     15.3s
  registered    k=8 165/167  WIN     429319 nodes     13.3s
  registered    k=8 166/167  WIN     215986 nodes      6.1s
  registered    k=8 167/167  LOSS    469123 nodes     13.5s
layer_uniform: 95/250 already solved
  layer_uniform k=7  12/83  WIN     521340 nodes     14.8s
  layer_uniform k=7  13/83  WIN      36055 nodes      1.1s
  layer_uniform k=7  14/83  WIN      40822 nodes      1.1s
  layer_uniform k=7  15/83  WIN      37867 nodes      1.0s
  layer_uniform k=7  16/83  WIN      35472 nodes      0.9s
  layer_uniform k=7  17/83  WIN      61421 nodes      1.7s
  layer_uniform k=7  18/83  WIN     100669 nodes      2.8s
  layer_uniform k=7  19/83  WIN     643278 nodes     18.3s
  layer_uniform k=7  20/83  WIN     571604 nodes     15.1s
  layer_uniform k=7  21/83  WIN      30496 nodes      1.0s
  layer_uniform k=7  22/83  WIN     213290 nodes      6.6s
  layer_uniform k=7  23/83  WIN     299434 nodes      7.6s
  layer_uniform k=7  24/83  WIN      63651 nodes      1.6s
  layer_uniform k=7  25/83  WIN      60358 nodes      1.9s
  layer_uniform k=7  26/83  WIN      92792 nodes      2.6s
  layer_uniform k=7  27/83  WIN      15868 nodes      0.4s
  layer_uniform k=7  28/83  WIN       6615 nodes      0.2s
  layer_uniform k=7  29/83  WIN      34899 nodes      0.9s
  layer_uniform k=7  30/83  WIN      21320 nodes      0.6s
  layer_uniform k=7  31/83  WIN      93882 nodes      2.9s
  layer_uniform k=7  32/83  WIN      74328 nodes      1.9s
  layer_uniform k=7  33/83  WIN      79807 nodes      2.4s
  layer_uniform k=7  34/83  WIN      75680 nodes      2.1s
  layer_uniform k=7  35/83  WIN      30926 nodes      0.8s
  layer_uniform k=7  36/83  WIN       6283 nodes      0.2s
  layer_uniform k=7  37/83  WIN      29662 nodes      0.9s
  layer_uniform k=7  38/83  WIN      32388 nodes      0.9s
  layer_uniform k=7  39/83  WIN     137108 nodes      4.0s
  layer_uniform k=7  40/83  LOSS    233260 nodes      7.2s
  layer_uniform k=7  41/83  WIN      13521 nodes      0.4s
  layer_uniform k=7  42/83  WIN      85576 nodes      2.5s
  layer_uniform k=7  43/83  WIN     239084 nodes      6.8s
  layer_uniform k=7  44/83  WIN     103401 nodes      2.9s
  layer_uniform k=7  45/83  WIN       9297 nodes      0.2s
  layer_uniform k=7  46/83  WIN      51677 nodes      1.5s
  layer_uniform k=7  47/83  WIN      37635 nodes      1.0s
  layer_uniform k=7  48/83  WIN      20277 nodes      0.5s
  layer_uniform k=7  49/83  WIN     151558 nodes      4.2s
  layer_uniform k=7  50/83  WIN       9758 nodes      0.3s
  layer_uniform k=7  51/83  WIN      35302 nodes      1.0s
  layer_uniform k=7  52/83  WIN     156023 nodes      4.2s
  layer_uniform k=7  53/83  WIN     246743 nodes      7.1s
  layer_uniform k=7  54/83  WIN      16418 nodes      0.5s
  layer_uniform k=7  55/83  WIN     198956 nodes      5.3s
  layer_uniform k=7  56/83  WIN     524125 nodes     15.5s
  layer_uniform k=7  57/83  WIN     132664 nodes      4.2s
  layer_uniform k=7  58/83  WIN      89828 nodes      2.8s
  layer_uniform k=7  59/83  WIN      33726 nodes      1.0s
  layer_uniform k=7  60/83  WIN      13453 nodes      0.5s
  layer_uniform k=7  61/83  WIN     135677 nodes      3.9s
  layer_uniform k=7  62/83  WIN      77024 nodes      2.3s
  layer_uniform k=7  63/83  WIN      33767 nodes      0.9s
  layer_uniform k=7  64/83  WIN      20963 nodes      0.6s
  layer_uniform k=7  65/83  WIN     152761 nodes      3.7s
  layer_uniform k=7  66/83  WIN     565824 nodes     15.1s
  layer_uniform k=7  67/83  WIN      40056 nodes      1.1s
  layer_uniform k=7  68/83  WIN     111230 nodes      3.2s
  layer_uniform k=7  69/83  WIN      24640 nodes      0.7s
  layer_uniform k=7  70/83  WIN      35845 nodes      1.2s
  layer_uniform k=7  71/83  WIN      80752 nodes      2.3s
  layer_uniform k=7  72/83  WIN     392694 nodes     10.7s
  layer_uniform k=7  73/83  WIN      37843 nodes      1.3s
  layer_uniform k=7  74/83  WIN      32684 nodes      1.0s
  layer_uniform k=7  75/83  WIN     108059 nodes      2.9s
  layer_uniform k=7  76/83  WIN      11837 nodes      0.3s
  layer_uniform k=7  77/83  WIN     155288 nodes      4.4s
  layer_uniform k=7  78/83  WIN      45893 nodes      1.2s
  layer_uniform k=7  79/83  WIN     288252 nodes      8.6s
  layer_uniform k=7  80/83  WIN      39241 nodes      1.1s
  layer_uniform k=7  81/83  WIN      62943 nodes      1.7s
  layer_uniform k=7  82/83  WIN     151517 nodes      4.7s
  layer_uniform k=7  83/83  WIN     174245 nodes      5.2s
  layer_uniform k=8   1/83  LOSS   1195630 nodes     35.4s
  layer_uniform k=8   2/83  LOSS   2756441 nodes     89.4s
  layer_uniform k=8   3/83  WIN    3710611 nodes     98.6s
  layer_uniform k=8   4/83  LOSS    752508 nodes     22.4s
  layer_uniform k=8   5/83  WIN    2545709 nodes     64.6s
  layer_uniform k=8   6/83  LOSS   3615418 nodes     98.8s
  layer_uniform k=8   7/83  LOSS   2349835 nodes     64.5s
  layer_uniform k=8   8/83  WIN    1120027 nodes     33.3s
  layer_uniform k=8   9/83  WIN     731627 nodes     17.4s
  layer_uniform k=8  10/83  LOSS   1479215 nodes     42.0s
  layer_uniform k=8  11/83  WIN    2037543 nodes     55.2s
  layer_uniform k=8  12/83  LOSS   1185183 nodes     34.3s
  layer_uniform k=8  13/83  WIN    3767308 nodes    102.2s
  layer_uniform k=8  14/83  WIN    2154017 nodes     58.3s
  layer_uniform k=8  15/83  LOSS   2641151 nodes     74.8s
  layer_uniform k=8  16/83  LOSS   3226035 nodes     92.3s
  layer_uniform k=8  17/83  LOSS   2796625 nodes     83.5s
  layer_uniform k=8  18/83  WIN    3730461 nodes    107.2s
  layer_uniform k=8  19/83  LOSS   7071885 nodes    202.2s
  layer_uniform k=8  20/83  LOSS   3318150 nodes     88.8s
  layer_uniform k=8  21/83  LOSS   6386453 nodes    199.5s
  layer_uniform k=8  22/83  LOSS   9206480 nodes    267.1s
  layer_uniform k=8  23/83  LOSS   1765007 nodes     50.1s
  layer_uniform k=8  24/83  LOSS    885102 nodes     23.2s
  layer_uniform k=8  25/83  LOSS   1125063 nodes     31.8s
  layer_uniform k=8  26/83  WIN    2584629 nodes     74.7s
  layer_uniform k=8  27/83  LOSS    583225 nodes     16.0s
  layer_uniform k=8  28/83  LOSS   1425033 nodes     42.4s
  layer_uniform k=8  29/83  LOSS   6453571 nodes    180.4s
  layer_uniform k=8  30/83  WIN     447163 nodes     12.2s
  layer_uniform k=8  31/83  WIN    2473026 nodes     71.6s
  layer_uniform k=8  32/83  LOSS   2009435 nodes     61.6s
  layer_uniform k=8  33/83  WIN     246905 nodes      5.6s
  layer_uniform k=8  34/83  WIN    2802122 nodes     87.1s
  layer_uniform k=8  35/83  WIN     715320 nodes     20.1s
  layer_uniform k=8  36/83  LOSS   1781902 nodes     58.0s
  layer_uniform k=8  37/83  LOSS   9355231 nodes    256.7s
  layer_uniform k=8  38/83  LOSS   5542625 nodes    163.8s
  layer_uniform k=8  39/83  LOSS   1379440 nodes     35.7s
  layer_uniform k=8  40/83  LOSS   5522762 nodes    144.3s
  layer_uniform k=8  41/83  WIN    1088711 nodes     30.4s
  layer_uniform k=8  42/83  WIN    2949743 nodes     83.3s
  layer_uniform k=8  43/83  LOSS   1827362 nodes     52.9s
  layer_uniform k=8  44/83  WIN    1195085 nodes     35.0s
  layer_uniform k=8  45/83  WIN    1310898 nodes     38.3s
  layer_uniform k=8  46/83  LOSS   1174180 nodes     37.7s
  layer_uniform k=8  47/83  LOSS   1831582 nodes     50.3s
  layer_uniform k=8  48/83  WIN    7471941 nodes    204.1s
  layer_uniform k=8  49/83  WIN      98089 nodes      2.4s
  layer_uniform k=8  50/83  WIN    1393238 nodes     37.4s
  layer_uniform k=8  51/83  WIN    4460693 nodes    114.8s
  layer_uniform k=8  52/83  ----  20000001 nodes    592.0s  EXCLUDED (budget)
  layer_uniform k=8  53/83  LOSS   6956146 nodes    176.8s
  layer_uniform k=8  54/83  WIN    2846165 nodes     83.5s
  layer_uniform k=8  55/83  LOSS   1108071 nodes     36.9s
  layer_uniform k=8  56/83  LOSS   1016505 nodes     31.7s
  layer_uniform k=8  57/83  WIN    1249324 nodes     32.1s
  layer_uniform k=8  58/83  LOSS   4772249 nodes    136.9s
  layer_uniform k=8  59/83  WIN    3391869 nodes     98.3s
  layer_uniform k=8  60/83  LOSS   1799659 nodes     48.9s
  layer_uniform k=8  61/83  LOSS   6157596 nodes    185.9s
  layer_uniform k=8  62/83  LOSS    554722 nodes     16.8s
  layer_uniform k=8  63/83  WIN    6350458 nodes    179.0s
  layer_uniform k=8  64/83  LOSS   1187846 nodes     38.5s
  layer_uniform k=8  65/83  WIN     382150 nodes     11.6s
  layer_uniform k=8  66/83  LOSS   2037980 nodes     63.7s
  layer_uniform k=8  67/83  WIN     629403 nodes     19.2s
  layer_uniform k=8  68/83  LOSS   5597583 nodes    149.2s
  layer_uniform k=8  69/83  WIN     527129 nodes     13.4s
  layer_uniform k=8  70/83  LOSS    670730 nodes     17.9s
  layer_uniform k=8  71/83  LOSS   2150539 nodes     61.7s
  layer_uniform k=8  72/83  LOSS   3244876 nodes     90.6s
  layer_uniform k=8  73/83  LOSS   1633483 nodes     42.1s
  layer_uniform k=8  74/83  LOSS   6198160 nodes    172.0s
  layer_uniform k=8  75/83  LOSS    728615 nodes     21.9s
  layer_uniform k=8  76/83  LOSS   1890870 nodes     56.3s
  layer_uniform k=8  77/83  LOSS   1517034 nodes     37.9s
  layer_uniform k=8  78/83  WIN    5795439 nodes    164.1s
  layer_uniform k=8  79/83  WIN     609988 nodes     17.8s
  layer_uniform k=8  80/83  LOSS    642672 nodes     17.6s
  layer_uniform k=8  81/83  LOSS   2127618 nodes     68.9s
  layer_uniform k=8  82/83  LOSS   3230062 nodes     90.6s
  layer_uniform k=8  83/83  LOSS   4584981 nodes    129.7s

== positions ==
  stratum         k  proved  excl   WIN  LOSS  denom  median nodes  hours
  registered      6     166     0   101    65    101          7708   0.02
  registered      7     167     0   161     6    161         16901   0.06
  registered      8     167     0    90    77     90        709339   1.43
  layer_uniform   6      84     0    46    38     46         20676   0.02
  layer_uniform   7      83     0    81     2     81         62943   0.08
  layer_uniform   8      82     1    31    51     31       2023489   1.90

== calibration sweep ==
  100 positions swept (74 won, 26 lost), 0.90 h
  every move preserves a loss: HOLDS
  won positions with no losing move: 3 of 74  (these are vacuous too)
  median share of moves that throw the win away: 78.1%  -> a random mover agrees on about 21.9% of won positions
  That baseline must be quoted beside the headline rate. It is the floor the
  measure sits on, not zero.

  excluded at the 20,000,000-node budget: 1
  Excluded positions are reported, never replaced by fresh samples: replacing
  them would select the sample on how hard it was to solve.

  this invocation: 4.39 h
written  data/ground-truth/5x5-endgame-seed2.json
