nohup: ignoring input
seed 2: resuming at generation 19
  gen 19    1428s  buffer 20000  policy 3.9923  GATE 57.0% promoted=True
  gen 20    1908s  buffer 20000  policy 3.9732
  gen 21    1877s  buffer 20000  policy 3.9192
  gen 22    1904s  buffer 20000  policy 3.8789
  gen 23    1965s  buffer 20000  policy 3.7782
  gen 24    7115s  buffer 20000  policy 3.7765  GATE 53.8% promoted=False
  gen 25    1985s  buffer 20000  policy 3.8054
  gen 26    1987s  buffer 20000  policy 3.7833
  gen 27    1978s  buffer 20000  policy 3.7682
  gen 28    2116s  buffer 20000  policy 3.8011
  gen 29    7723s  buffer 20000  policy 3.7766  GATE 63.2% promoted=True
seed 2: floor, equal simulations
  equal simulations    152/200 = 76.0% [69.6%, 81.4%]  seats 97/55  UCT sims 400  CLEARS the floor
seed 2: reference, generation 0
  generation 0         27/200 = 13.5% [9.4%, 18.9%]  seats 25/2  UCT sims 400  FAILS the floor
seed 2: measuring the equal-time ratio
  net 1.228 s/move, UCT 1.195 s/move at 400 -> ratio 1.03, UCT gets 411 simulations
  equal time           147/200 = 73.5% [67.0%, 79.1%]  seats 93/54  UCT sims 411  CLEARS the floor

  equal simulations    152/200 = 76.0% [69.6%, 81.4%]  seats 97/55  UCT sims 400  CLEARS the floor
  generation 0         27/200 = 13.5% [9.4%, 18.9%]  seats 25/2  UCT sims 400  FAILS the floor
  equal time           147/200 = 73.5% [67.0%, 79.1%]  seats 93/54  UCT sims 411  CLEARS the floor

seeds complete: ['1', '2'] of (1, 2, 3, 4, 5)
equal-simulations floor: 64.0%  76.0%   spread 8.5%
H3's stability clause needs all five. Nothing is read across seeds until they are done.

written  results/exp015-h3-training-5x5.json
